[2026-05-12 20:53:07] INFO     database — Database engine created successfully (host=localhost db=mydatabase)
[2026-05-12 20:53:07] INFO     main — Classic Models API started — routers registered: /customers, /stats
[2026-05-12 21:00:47] INFO     database — Database engine created successfully (host=localhost db=mydatabase)
[2026-05-12 21:00:47] INFO     main — Classic Models API started — routers registered: /customers, /stats
[2026-05-12 21:01:03] INFO     main — GET / — health check
[2026-05-12 21:01:03] INFO     database — Database session opened
[2026-05-12 21:01:03] INFO     routers.customers — GET /customers/ — skip=0 limit=3
[2026-05-12 21:01:03] INFO     crud.customer — READ customers list: skip=0 limit=3
[2026-05-12 21:01:03] INFO     database — Database session closed
[2026-05-12 21:01:55] INFO     database — Database session opened
[2026-05-12 21:01:55] INFO     routers.customers — GET /customers/ — skip=0 limit=3
[2026-05-12 21:01:55] INFO     crud.customer — READ customers list: skip=0 limit=3
[2026-05-12 21:01:55] INFO     database — Database session closed
[2026-05-12 21:02:04] INFO     database — Database session opened
[2026-05-12 21:02:04] INFO     routers.customers — GET /customers/ — skip=0 limit=3
[2026-05-12 21:02:04] INFO     crud.customer — READ customers list: skip=0 limit=3
[2026-05-12 21:02:04] INFO     database — Database session closed
[2026-05-12 21:02:52] INFO     database — Database engine created successfully (host=127.0.0.1 db=mydatabase)
[2026-05-12 21:02:52] INFO     main — Classic Models API started — routers registered: /customers, /stats
[2026-05-12 21:03:21] INFO     database — Database session opened
[2026-05-12 21:03:21] INFO     routers.customers — GET /customers/ — skip=0 limit=3
[2026-05-12 21:03:21] INFO     crud.customer — READ customers list: skip=0 limit=3
[2026-05-12 21:03:22] INFO     database — Database session closed
[2026-05-12 21:03:41] INFO     database — Database engine created successfully (host=127.0.0.1 db=mydatabase)
[2026-05-12 21:03:41] INFO     main — Classic Models API started — routers registered: /customers, /stats
[2026-05-12 21:03:50] INFO     database — Database session opened
[2026-05-12 21:03:50] INFO     routers.customers — GET /customers/ — skip=0 limit=3
[2026-05-12 21:03:50] INFO     crud.customer — READ customers list: skip=0 limit=3
[2026-05-12 21:03:50] INFO     crud.customer — Returned 3 customers
[2026-05-12 21:03:50] INFO     routers.customers — GET /customers/ — returning 3 customers
[2026-05-12 21:03:50] INFO     database — Database session closed
[2026-05-12 21:15:48] INFO     database — Database engine created successfully (host=127.0.0.1 db=mydatabase)
[2026-05-12 21:15:48] INFO     main — Classic Models API started — routers registered: /customers, /stats
[2026-05-12 21:16:37] INFO     database — Database engine created successfully (host=127.0.0.1 db=mydatabase)
[2026-05-12 21:16:37] INFO     main — Classic Models API started — routers registered: /customers, /stats
[2026-05-12 21:17:05] INFO     database — Database engine created successfully (host=127.0.0.1 db=mydatabase)
[2026-05-12 21:17:05] INFO     main — Classic Models API started — routers registered: /customers, /stats
[2026-05-12 21:17:59] INFO     database — Database engine created successfully (host=127.0.0.1 db=mydatabase)
[2026-05-12 21:17:59] INFO     main — Classic Models API started — routers registered: /customers, /stats
[2026-05-12 21:18:19] INFO     database — Database engine created successfully (host=127.0.0.1 db=mydatabase)
[2026-05-12 21:18:19] INFO     main — Classic Models API started — routers registered: /customers, /stats
[2026-05-12 21:18:27] INFO     database — Database engine created successfully (host=127.0.0.1 db=mydatabase)
[2026-05-12 21:18:28] INFO     main — Classic Models API started — routers registered: /customers, /stats
